Safwan Taleb@SafwanTaleb MINGW64 /e/Fullstack learning
$

Safwan Taleb@SafwanTaleb MINGW64 /e/Fullstack learning
$ cd CP\
CP 1 - Web_Fundamentals/ CP 4 - CSS Layout/       CP 7 - Github/
CP 2 - HTML/             CP 5 - JS/               CP 8 - Algo/
CP 3 - CSS/              CP 6 - DOM/

Safwan Taleb@SafwanTaleb MINGW64 /e/Fullstack learning
$ cd CP\ 7\ -\ Github/

Safwan Taleb@SafwanTaleb MINGW64 /e/Fullstack learning/CP 7 - Github
$ mkdir.exe learn_git_again

Safwan Taleb@SafwanTaleb MINGW64 /e/Fullstack learning/CP 7 - Github
$ cd learn_git_again/

Safwan Taleb@SafwanTaleb MINGW64 /e/Fullstack learning/CP 7 - Github/learn_git_again
$

Safwan Taleb@SafwanTaleb MINGW64 /e/Fullstack learning/CP 7 - Github/learn_git_again
$ ls


Safwan Taleb@SafwanTaleb MINGW64 /e/Fullstack learning/CP 7 - Github/learn_git_again
$ touch.exe third.txt

Safwan Taleb@SafwanTaleb MINGW64 /e/Fullstack learning/CP 7 - Github/learn_git_again
$ ls
third.txt

Safwan Taleb@SafwanTaleb MINGW64 /e/Fullstack learning/CP 7 - Github/learn_git_again
$ git init
Initialized empty Git repository in E:/Fullstack learning/CP 7 - Github/learn_git_again/.git/

Safwan Taleb@SafwanTaleb MINGW64 /e/Fullstack learning/CP 7 - Github/learn_git_again (master)
$ git status
On branch master

No commits yet

Untracked files:
  (use "git add <file>..." to include in what will be committed)
        third.txt

nothing added to commit but untracked files present (use "git add" to track)

Safwan Taleb@SafwanTaleb MINGW64 /e/Fullstack learning/CP 7 - Github/learn_git_again (master)
$ git add third.txt

Safwan Taleb@SafwanTaleb MINGW64 /e/Fullstack learning/CP 7 - Github/learn_git_again (master)
$ git status
On branch master

No commits yet

Changes to be committed:
  (use "git rm --cached <file>..." to unstage)
        new file:   third.txt


Safwan Taleb@SafwanTaleb MINGW64 /e/Fullstack learning/CP 7 - Github/learn_git_again (master)
$

Safwan Taleb@SafwanTaleb MINGW64 /e/Fullstack learning/CP 7 - Github/learn_git_again (master)
$ git commit -m "adding third.txt"
[master (root-commit) a00c5c5] adding third.txt
 1 file changed, 0 insertions(+), 0 deletions(-)
 create mode 100644 third.txt

Safwan Taleb@SafwanTaleb MINGW64 /e/Fullstack learning/CP 7 - Github/learn_git_again (master)
$ git log
commit a00c5c5db2bacfe136352acab3819fa87ac3d97f (HEAD -> master)
Author: safwantaleb <safwan.taleb@gmail.com>
Date:   Fri Feb 19 00:47:34 2021 +0100

    adding third.txt

Safwan Taleb@SafwanTaleb MINGW64 /e/Fullstack learning/CP 7 - Github/learn_git_again (master)
$

Safwan Taleb@SafwanTaleb MINGW64 /e/Fullstack learning/CP 7 - Github/learn_git_again (master)
$

Safwan Taleb@SafwanTaleb MINGW64 /e/Fullstack learning/CP 7 - Github/learn_git_again (master)
$ touch.exe fourth.txt

Safwan Taleb@SafwanTaleb MINGW64 /e/Fullstack learning/CP 7 - Github/learn_git_again (master)
$

Safwan Taleb@SafwanTaleb MINGW64 /e/Fullstack learning/CP 7 - Github/learn_git_again (master)
$ ls
fourth.txt  third.txt

Safwan Taleb@SafwanTaleb MINGW64 /e/Fullstack learning/CP 7 - Github/learn_git_again (master)
$ git add fourth.txt

Safwan Taleb@SafwanTaleb MINGW64 /e/Fullstack learning/CP 7 - Github/learn_git_again (master)
$ git status
On branch master
Changes to be committed:
  (use "git restore --staged <file>..." to unstage)
        new file:   fourth.txt


Safwan Taleb@SafwanTaleb MINGW64 /e/Fullstack learning/CP 7 - Github/learn_git_again (master)
$ git commit -m "adding fourth.txt"
[master 8ddf6f6] adding fourth.txt
 1 file changed, 0 insertions(+), 0 deletions(-)
 create mode 100644 fourth.txt

Safwan Taleb@SafwanTaleb MINGW64 /e/Fullstack learning/CP 7 - Github/learn_git_again (master)
$ git log
commit 8ddf6f6c021198de50654546087be0009d87c102 (HEAD -> master)
Author: safwantaleb <safwan.taleb@gmail.com>
Date:   Fri Feb 19 00:51:02 2021 +0100

    adding fourth.txt

commit a00c5c5db2bacfe136352acab3819fa87ac3d97f
Author: safwantaleb <safwan.taleb@gmail.com>
Date:   Fri Feb 19 00:47:34 2021 +0100

    adding third.txt

Safwan Taleb@SafwanTaleb MINGW64 /e/Fullstack learning/CP 7 - Github/learn_git_again (master)
$

Safwan Taleb@SafwanTaleb MINGW64 /e/Fullstack learning/CP 7 - Github/learn_git_again (master)
$ ls -l
total 0
-rw-r--r-- 1 Safwan Taleb 197609 0 Feb 19 00:49 fourth.txt
-rw-r--r-- 1 Safwan Taleb 197609 0 Feb 19 00:27 third.txt

Safwan Taleb@SafwanTaleb MINGW64 /e/Fullstack learning/CP 7 - Github/learn_git_again (master)
$ rm third.txt

Safwan Taleb@SafwanTaleb MINGW64 /e/Fullstack learning/CP 7 - Github/learn_git_again (master)
$ ls -l
total 0
-rw-r--r-- 1 Safwan Taleb 197609 0 Feb 19 00:49 fourth.txt

Safwan Taleb@SafwanTaleb MINGW64 /e/Fullstack learning/CP 7 - Github/learn_git_again (master)
$

Safwan Taleb@SafwanTaleb MINGW64 /e/Fullstack learning/CP 7 - Github/learn_git_again (master)
$ git status
On branch master
Changes not staged for commit:
  (use "git add/rm <file>..." to update what will be committed)
  (use "git restore <file>..." to discard changes in working directory)
        deleted:    third.txt

no changes added to commit (use "git add" and/or "git commit -a")

Safwan Taleb@SafwanTaleb MINGW64 /e/Fullstack learning/CP 7 - Github/learn_git_again (master)
$ git rm --cached third.txt
rm 'third.txt'

Safwan Taleb@SafwanTaleb MINGW64 /e/Fullstack learning/CP 7 - Github/learn_git_again (master)
$ git status
On branch master
Changes to be committed:
  (use "git restore --staged <file>..." to unstage)
        deleted:    third.txt


Safwan Taleb@SafwanTaleb MINGW64 /e/Fullstack learning/CP 7 - Github/learn_git_again (master)
$ git add
.git/       fourth.txt

Safwan Taleb@SafwanTaleb MINGW64 /e/Fullstack learning/CP 7 - Github/learn_git_again (master)
$ git add
.git/       fourth.txt

Safwan Taleb@SafwanTaleb MINGW64 /e/Fullstack learning/CP 7 - Github/learn_git_again (master)
$ git add
Nothing specified, nothing added.
hint: Maybe you wanted to say 'git add .'?
hint: Turn this message off by running
hint: "git config advice.addEmptyPathspec false"

Safwan Taleb@SafwanTaleb MINGW64 /e/Fullstack learning/CP 7 - Github/learn_git_again (master)
$ git add .

Safwan Taleb@SafwanTaleb MINGW64 /e/Fullstack learning/CP 7 - Github/learn_git_again (master)
$ git commit -m "removing third.txt"
[master 00fa8d8] removing third.txt
 1 file changed, 0 insertions(+), 0 deletions(-)
 delete mode 100644 third.txt

Safwan Taleb@SafwanTaleb MINGW64 /e/Fullstack learning/CP 7 - Github/learn_git_again (master)
$

Safwan Taleb@SafwanTaleb MINGW64 /e/Fullstack learning/CP 7 - Github/learn_git_again (master)
$ git log
commit 00fa8d82587659b19110cb07af7c04ac81e500f4 (HEAD -> master)
Author: safwantaleb <safwan.taleb@gmail.com>
Date:   Fri Feb 19 01:00:39 2021 +0100

    removing third.txt

commit 8ddf6f6c021198de50654546087be0009d87c102
Author: safwantaleb <safwan.taleb@gmail.com>
Date:   Fri Feb 19 00:51:02 2021 +0100

    adding fourth.txt

commit a00c5c5db2bacfe136352acab3819fa87ac3d97f
Author: safwantaleb <safwan.taleb@gmail.com>
Date:   Fri Feb 19 00:47:34 2021 +0100

    adding third.txt

Safwan Taleb@SafwanTaleb MINGW64 /e/Fullstack learning/CP 7 - Github/learn_git_again (master)
$

Safwan Taleb@SafwanTaleb MINGW64 /e/Fullstack learning/CP 7 - Github/learn_git_again (master)
$ git config --global core.pager


Safwan Taleb@SafwanTaleb MINGW64 /e/Fullstack learning/CP 7 - Github/learn_git_again (master)
$ git config --global core.pager cat

Safwan Taleb@SafwanTaleb MINGW64 /e/Fullstack learning/CP 7 - Github/learn_git_again (master)
$ git config --global core.pager
cat

Safwan Taleb@SafwanTaleb MINGW64 /e/Fullstack learning/CP 7 - Github/learn_git_again (master)
$ git config --list
diff.astextplain.textconv=astextplain
filter.lfs.clean=git-lfs clean -- %f
filter.lfs.smudge=git-lfs smudge -- %f
filter.lfs.process=git-lfs filter-process
filter.lfs.required=true
http.sslbackend=openssl
http.sslcainfo=C:/Program Files/Git/mingw64/ssl/certs/ca-bundle.crt
core.autocrlf=true
core.fscache=true
core.symlinks=false
pull.rebase=false
credential.helper=manager-core
credential.https://dev.azure.com.usehttppath=true
init.defaultbranch=master
user.email=safwan.taleb@gmail.com
user.name=safwantaleb
core.pager=cat
core.repositoryformatversion=0
core.filemode=false
core.bare=false
core.logallrefupdates=true
core.symlinks=false
core.ignorecase=true

Safwan Taleb@SafwanTaleb MINGW64 /e/Fullstack learning/CP 7 - Github/learn_git_again (master)
$ git config --global --list
user.email=safwan.taleb@gmail.com
user.name=safwantaleb
core.pager=cat

